[Jonathan@rpm-b rpmbuild]$ rpmbuild -bb SPECS/check_cool_plugin.spec
Executing(%prep): /bin/sh -e /home/Jonathan/rpmbuild/tmp/rpm-tmp.oXqp87
+ umask 022
+ cd /home/Jonathan/rpmbuild/BUILD
+ cd /home/Jonathan/rpmbuild/BUILD
+ rm -rf check_cool_plugin-1.0
+ /usr/bin/mkdir -p check_cool_plugin-1.0
+ cd check_cool_plugin-1.0
+ /usr/bin/tar -xf -
+ /usr/bin/gzip -dc /home/Jonathan/rpmbuild/SOURCES/check_cool_plugin-1.0.tar.gz
+ STATUS=0
+ '[' 0 -ne 0 ']'
+ /usr/bin/chmod -Rf a+rX,u+w,g-w,o-w .
+ exit 0
Executing(%build): /bin/sh -e /home/Jonathan/rpmbuild/tmp/rpm-tmp.Wvbqop
+ umask 022
+ cd /home/Jonathan/rpmbuild/BUILD
+ cd check_cool_plugin-1.0
+ exit 0
Executing(%install): /bin/sh -e /home/Jonathan/rpmbuild/tmp/rpm-tmp.vCXRFG
+ umask 022
+ cd /home/Jonathan/rpmbuild/BUILD
+ '[' /home/Jonathan/rpmbuild/BUILDROOT/check_cool_plugin-1.0-1.el7.centos.x86_64 '!=' / ']'
+ rm -rf /home/Jonathan/rpmbuild/BUILDROOT/check_cool_plugin-1.0-1.el7.centos.x86_64
++ dirname /home/Jonathan/rpmbuild/BUILDROOT/check_cool_plugin-1.0-1.el7.centos.x86_64
+ mkdir -p /home/Jonathan/rpmbuild/BUILDROOT
+ mkdir /home/Jonathan/rpmbuild/BUILDROOT/check_cool_plugin-1.0-1.el7.centos.x86_64
+ cd check_cool_plugin-1.0
+ mkdir -p /home/Jonathan/rpmbuild/BUILDROOT/check_cool_plugin-1.0-1.el7.centos.x86_64
+ cp -a SOURCES /home/Jonathan/rpmbuild/BUILDROOT/check_cool_plugin-1.0-1.el7.centos.x86_64
Processing files: check_cool_plugin-1.0-1.el7.centos.x86_64
error: File not found: /home/Jonathan/rpmbuild/BUILDROOT/check_cool_plugin-1.0-1.el7.centos.x86_64/SOURCES/plugin/install


RPM build errors:
    File not found: /home/Jonathan/rpmbuild/BUILDROOT/check_cool_plugin-1.0-1.el7.centos.x86_64/SOURCES/plugin/install
[Jonathan@rpm-b rpmbuild]$ vim SPECS/check_cool_plugin.spec
[Jonathan@rpm-b rpmbuild]$ rpmbuild -bb SPECS/check_cool_plugin.spec
Executing(%prep): /bin/sh -e /home/Jonathan/rpmbuild/tmp/rpm-tmp.HYNFGc
+ umask 022
+ cd /home/Jonathan/rpmbuild/BUILD
+ cd /home/Jonathan/rpmbuild/BUILD
+ rm -rf check_cool_plugin-1.0
+ /usr/bin/mkdir -p check_cool_plugin-1.0
+ cd check_cool_plugin-1.0
+ /usr/bin/tar -xf -
+ /usr/bin/gzip -dc /home/Jonathan/rpmbuild/SOURCES/check_cool_plugin-1.0.tar.gz
+ STATUS=0
+ '[' 0 -ne 0 ']'
+ /usr/bin/chmod -Rf a+rX,u+w,g-w,o-w .
+ exit 0
Executing(%build): /bin/sh -e /home/Jonathan/rpmbuild/tmp/rpm-tmp.k1g97r
+ umask 022
+ cd /home/Jonathan/rpmbuild/BUILD
+ cd check_cool_plugin-1.0
+ exit 0
Executing(%install): /bin/sh -e /home/Jonathan/rpmbuild/tmp/rpm-tmp.KdzUBH
+ umask 022
+ cd /home/Jonathan/rpmbuild/BUILD
+ '[' /home/Jonathan/rpmbuild/BUILDROOT/check_cool_plugin-1.0-1.el7.centos.x86_64 '!=' / ']'
+ rm -rf /home/Jonathan/rpmbuild/BUILDROOT/check_cool_plugin-1.0-1.el7.centos.x86_64
++ dirname /home/Jonathan/rpmbuild/BUILDROOT/check_cool_plugin-1.0-1.el7.centos.x86_64
+ mkdir -p /home/Jonathan/rpmbuild/BUILDROOT
+ mkdir /home/Jonathan/rpmbuild/BUILDROOT/check_cool_plugin-1.0-1.el7.centos.x86_64
+ cd check_cool_plugin-1.0
+ mkdir -p /home/Jonathan/rpmbuild/BUILDROOT/check_cool_plugin-1.0-1.el7.centos.x86_64
+ cp -a SOURCES /home/Jonathan/rpmbuild/BUILDROOT/check_cool_plugin-1.0-1.el7.centos.x86_64
Processing files: check_cool_plugin-1.0-1.el7.centos.x86_64
Provides: check_cool_plugin = 1.0-1.el7.centos check_cool_plugin(x86-64) = 1.0-1.el7.centos
Requires(interp): /bin/sh
Requires(rpmlib): rpmlib(CompressedFileNames) <= 3.0.4-1 rpmlib(FileDigests) <= 4.6.0-1 rpmlib(PayloadFilesHavePrefix) <= 4.0-1
Requires(post): /bin/sh
Checking for unpackaged file(s): /usr/lib/rpm/check-files /home/Jonathan/rpmbuild/BUILDROOT/check_cool_plugin-1.0-1.el7.centos.x86_64
Wrote: /home/Jonathan/rpmbuild/RPMS/x86_64/check_cool_plugin-1.0-1.el7.centos.x86_64.rpm
Executing(%clean): /bin/sh -e /home/Jonathan/rpmbuild/tmp/rpm-tmp.QQCn1c
+ umask 022
+ cd /home/Jonathan/rpmbuild/BUILD
+ cd check_cool_plugin-1.0
+ exit 0

[Jonathan@rpm-b rpmbuild]$ tree RPMS
RPMS
└── x86_64
    ├── check_cool_plugin-1.0-1.el7.centos.x86_64.rpm
    ├── check_cool_plugin-1.2-1.el7.centos.x86_64.rpm
    ├── check_cool_plugin-debuginfo-1.0-1.el7.centos.x86_64.rpm
    └── check_cool_plugin-debuginfo-1.2-1.el7.centos.x86_64.rpm

1 directory, 4 files
[Jonathan@rpm-b rpmbuild]$ rpm -qlp RPMS/x86_64/check_cool_plugin-1.0-1.el7.centos.x86_64.rpm
/SOURCES/plugins/check_cool_plugin
/SOURCES/plugins/install
